pnpm : 2026-06-09T17:40:01.962Z vite:config no config file found.
At line:1 char:42
+ ... nts\web-binus' ; pnpm exec vite build --debug > build_output.txt 2>&1
+                      ~~~~~~~~~~~~~~~~~~~~~~~~~~~~~~~~~~~~~~~~~~~~~~~~~~~~
    + CategoryInfo          : NotSpecified: (2026-06-09T17:4...fig file found. 
   :String) [], RemoteException
    + FullyQualifiedErrorId : NativeCommandError
 
2026-06-09T17:40:01.966Z vite:env loading env files: [
  'C:/Users/Acer/Documents/web-binus/.env',
  'C:/Users/Acer/Documents/web-binus/.env.local',
  'C:/Users/Acer/Documents/web-binus/.env.production',
  'C:/Users/Acer/Documents/web-binus/.env.production.local'
]
2026-06-09T17:40:01.967Z vite:env env files loaded in 0.63ms
2026-06-09T17:40:01.968Z vite:env using resolved env: {}
2026-06-09T17:40:01.987Z vite:config using resolved config: {
  root: 'C:/Users/Acer/Documents/web-binus',
  base: '/',
  mode: 'production',
  configFile: undefined,
  configLoader: undefined,
  logLevel: undefined,
  clearScreen: undefined,
  build: {
    target: [ 'chrome111', 'edge111', 'firefox114', 'safari16.4', 'ios16.4' ],
    polyfillModulePreload: true,
    modulePreload: { polyfill: true },
    outDir: 'dist',
    assetsDir: 'assets',
    assetsInlineLimit: 4096,
    sourcemap: false,
    terserOptions: {},
    rolldownOptions: { platform: 'browser' },
    commonjsOptions: { include: [ /node_modules/ ], extensions: [ '.js', 
'.cjs' ] },
    dynamicImportVarsOptions: { exclude: [ /node_modules/ ] },
    write: true,
    emptyOutDir: null,
    copyPublicDir: true,
    license: false,
    manifest: false,
    lib: false,
    ssrManifest: false,
    ssrEmitAssets: false,
    reportCompressedSize: true,
    chunkSizeWarningLimit: 500,
    watch: null,
    cssCodeSplit: true,
    minify: 'oxc',
    rollupOptions: { platform: 'browser' },
    ssr: false,
    emitAssets: true,
    createEnvironment: [Function: createEnvironment],
    cssTarget: [ 'chrome111', 'edge111', 'firefox114', 'safari16.4', 'ios16.4' 
],
    cssMinify: true
  },
  worker: {
    format: 'iife',
    plugins: '() => plugins',
    rollupOptions: {},
    rolldownOptions: {}
  },
  optimizeDeps: {
    include: [],
    exclude: [],
    needsInterop: [],
    rolldownOptions: { resolve: { symlinks: true }, output: { topLevelVar: 
true } },
    extensions: [],
    disabled: undefined,
    holdUntilCrawlEnd: true,
    force: false,
    ignoreOutdatedRequests: false,
    noDiscovery: false,
    rollupOptions: [Getter/Setter],
    esbuildOptions: { preserveSymlinks: false }
  },
  environments: {
    client: {
      define: undefined,
      resolve: {
        externalConditions: [ 'node', 'module-sync' ],
        extensions: [
          '.mjs',  '.js',
          '.mts',  '.ts',
          '.jsx',  '.tsx',
          '.json'
        ],
        dedupe: [],
        noExternal: [],
        external: [],
        preserveSymlinks: false,
        tsconfigPaths: false,
        alias: [
          {
            find: /^\/?@vite\/env/,
            replacement: 
'/@fs/C:/Users/Acer/Documents/web-binus/node_modules/vite/dist/client/env.mjs'
          },
          {
            find: /^\/?@vite\/client/,
            replacement: '/@fs/C:/Users/Acer/Documents/web-binus/node_modules/v
ite/dist/client/client.mjs'
          }
        ],
        mainFields: [ 'browser', 'module', 'jsnext:main', 'jsnext' ],
        conditions: [ 'module', 'browser', 'development|production' ],
        builtins: []
      },
      keepProcessEnv: false,
      consumer: 'client',
      optimizeDeps: {
        include: [],
        exclude: [],
        needsInterop: [],
        rolldownOptions: { resolve: { symlinks: true }, output: { topLevelVar: 
true } },
        extensions: [],
        disabled: undefined,
        holdUntilCrawlEnd: true,
        force: false,
        ignoreOutdatedRequests: false,
        noDiscovery: false,
        rollupOptions: [Getter/Setter],
        esbuildOptions: { preserveSymlinks: false }
      },
      dev: {
        warmup: [],
        sourcemap: { js: true },
        sourcemapIgnoreList: [Function: isInNodeModules],
        preTransformRequests: true,
        createEnvironment: [Function: defaultCreateClientDevEnvironment],
        recoverable: true,
        moduleRunnerTransform: false
      },
      build: {
        target: [
          'chrome111',
          'edge111',
          'firefox114',
          'safari16.4',
          'ios16.4'
        ],
        polyfillModulePreload: true,
        modulePreload: { polyfill: true },
        outDir: 'dist',
        assetsDir: 'assets',
        assetsInlineLimit: 4096,
        sourcemap: false,
        terserOptions: {},
        rolldownOptions: { platform: 'browser' },
        commonjsOptions: { include: [ /node_modules/ ], extensions: [ '.js', 
'.cjs' ] },
        dynamicImportVarsOptions: { exclude: [ /node_modules/ ] },
        write: true,
        emptyOutDir: null,
        copyPublicDir: true,
        license: false,
        manifest: false,
        lib: false,
        ssrManifest: false,
        ssrEmitAssets: false,
        reportCompressedSize: true,
        chunkSizeWarningLimit: 500,
        watch: null,
        cssCodeSplit: true,
        minify: 'oxc',
        rollupOptions: { platform: 'browser' },
        ssr: false,
        emitAssets: true,
        createEnvironment: [Function: createEnvironment],
        cssTarget: [
          'chrome111',
          'edge111',
          'firefox114',
          'safari16.4',
          'ios16.4'
        ],
        cssMinify: true
      },
      isBundled: true,
      plugins: [
        {
          name: 'vite:watch-package-data',
          buildStart: [Function: buildStart],
          buildEnd: [Function: buildEnd],
          watchChange: [Function: watchChange]
        },
        BuiltinPlugin {
          name: 'builtin:vite-alias',
          _options: {
            entries: [
              {
                find: /^\/?@vite\/env/,
                replacement: 
'/@fs/C:/Users/Acer/Documents/web-binus/node_modules/vite/dist/client/env.mjs'
              },
              {
                find: /^\/?@vite\/client/,
                replacement: '/@fs/C:/Users/Acer/Documents/web-binus/node_modul
es/vite/dist/client/client.mjs'
              }
            ]
          },
          enforce: undefined
        },
        BuiltinPlugin {
          name: 'builtin:vite-module-preload-polyfill',
          _options: { isServer: false },
          enforce: undefined
        },
        {
          name: 'vite:resolve-builtin:get-environment',
          buildStart: [Function: buildStart],
          perEnvironmentStartEndDuringDev: true
        },
        BuiltinPlugin {
          name: 'builtin:vite-resolve',
          _options: {
            resolveOptions: {
              isBuild: true,
              isProduction: true,
              asSrc: true,
              preferRelative: false,
              isRequire: undefined,
              root: 'C:/Users/Acer/Documents/web-binus',
              scan: false,
              mainFields: [ 'browser', 'module', 'jsnext:main', 'jsnext', 
'main' ],
              conditions: [ 'module', 'browser', 'development|production' ],
              externalConditions: [ 'node', 'module-sync' ],
              extensions: [
                '.mjs',  '.js',
                '.mts',  '.ts',
                '.jsx',  '.tsx',
                '.json'
              ],
              tryIndex: true,
              tryPrefix: undefined,
              preserveSymlinks: false,
              tsconfigPaths: false
            },
            environmentConsumer: 'client',
            environmentName: 'client',
            builtins: [],
            external: [],
            noExternal: [],
            dedupe: [],
            disableCache: false,
            legacyInconsistentCjsInterop: undefined,
            finalizeBareSpecifier: undefined,
            finalizeOtherSpecifiers: undefined,
            resolveSubpathImports: [Function: resolveSubpathImports],
            yarnPnp: false
          },
          enforce: undefined,
          getOrder: [AsyncFunction: wrappedHook],
          load: [AsyncFunction: wrappedHook],
          resolveId: [AsyncFunction: wrappedHook],
          transform: [AsyncFunction: wrappedHook],
          watchChange: [AsyncFunction: wrappedHook],
          perEnvironmentWatchChangeDuringDev: true
        },
        {
          name: 'vite:html-inline-proxy',
          resolveId: {
            filter: { id: /[?&]html-proxy\b/ },
            handler: [Function: handler]
          },
          load: {
            filter: { id: /[?&]html-proxy\b/ },
            handler: [Function: handler]
          }
        },
        {
          name: 'vite:css',
          buildStart: [Function: buildStart],
          buildEnd: [AsyncFunction: buildEnd],
          load: {
            filter: {
              id: /\.(css|less|sass|scss|styl|stylus|pcss|postcss|sss)(?:$|\?)/
            },
            handler: [Function: handler]
          },
          transform: {
            filter: {
              id: {
                include: 
/\.(css|less|sass|scss|styl|stylus|pcss|postcss|sss)(?:$|\?)/,
                exclude: [
                  /[?&]commonjs-proxy/,
                  /[?&](?:worker|sharedworker|raw|url)\b/
                ]
              }
            },
            handler: [AsyncFunction: handler]
          }
        },
        BuiltinPlugin {
          name: 'builtin:vite-transform',
          _options: {
            root: 'C:/Users/Acer/Documents/web-binus',
            include: [ /\.(m?ts|[jt]sx)$/ ],
            exclude: [ /\.js$/ ],
            jsxRefreshInclude: undefined,
            jsxRefreshExclude: undefined,
            isServerConsumer: false,
            jsxInject: undefined,
            transformOptions: { jsx: { development: false }, sourcemap: true },
            yarnPnp: false
          },
          enforce: undefined
        },
        BuiltinPlugin {
          name: 'builtin:vite-json',
          _options: { namedExports: true, stringify: 'auto', minify: true },
          enforce: undefined,
          getOrder: [AsyncFunction: wrappedHook],
          load: [AsyncFunction: wrappedHook],
          resolveId: [AsyncFunction: wrappedHook],
          transform: [AsyncFunction: wrappedHook],
          watchChange: [AsyncFunction: wrappedHook]
        },
        {
          name: 'vite:wasm-helper',
          resolveId: {
            filter: { id: /^ vite\/wasm\-helper\.js$/ },
            handler: [Function: handler]
          },
          load: {
            filter: {
              id: [
                /^ vite\/wasm\-helper\.js$/,
                /(?<![?#].*)\.wasm\?init/
              ]
            },
            handler: [AsyncFunction: handler]
          },
          renderChunk: undefined
        },
        {
          name: 'vite:worker',
          buildStart: [Function: buildStart],
          load: {
            filter: { id: /(?:\?|&)(worker|sharedworker)(?:&|$)/ },
            handler: [AsyncFunction: handler]
          },
          transform: {
            filter: { id: /(?:\?|&)worker_file&type=(\w+)(?:&|$)/ },
            handler: [Function: handler]
          },
          renderChunk: [Function: renderChunk],
          generateBundle: [Function: generateBundle],
          watchChange: [Function: watchChange]
        },
        {
          name: 'vite:asset',
          perEnvironmentStartEndDuringDev: true,
          buildStart: [Function: buildStart],
          resolveId: {
            filter: {
              id: [
                /(\?|&)url(?:&|$)/,
                /\.(apng|bmp|png|jpe?g|jfif|pjpeg|pjp|gif|svg|ico|webp|avif|cur
|jxl|mp4|webm|ogg|mp3|wav|flac|aac|opus|mov|m4a|vtt|woff2?|eot|ttf|otf|webmanif
est|pdf|txt)(\?.*)?$/i
              ]
            },
            handler: [Function: handler]
          },
          load: {
            filter: {
              id: {
                include: [
                  /(\?|&)raw(?:&|$)/,
                  /(\?|&)url(?:&|$)/,
                  /\.(apng|bmp|png|jpe?g|jfif|pjpeg|pjp|gif|svg|ico|webp|avif|c
ur|jxl|mp4|webm|ogg|mp3|wav|flac|aac|opus|mov|m4a|vtt|woff2?|eot|ttf|otf|webman
ifest|pdf|txt)(\?.*)?$/i
                ],
                exclude: /^\0/
              }
            },
            handler: [AsyncFunction: handler]
          },
          renderChunk: [Function: renderChunk],
          generateBundle: [Function: generateBundle],
          watchChange: [Function: watchChange]
        },
        BuiltinPlugin {
          name: 'builtin:vite-wasm-fallback',
          _options: undefined,
          enforce: undefined,
          getOrder: [AsyncFunction: wrappedHook],
          load: [AsyncFunction: wrappedHook],
          resolveId: [AsyncFunction: wrappedHook],
          transform: [AsyncFunction: wrappedHook],
          watchChange: [AsyncFunction: wrappedHook]
        },
        { name: 'vite:define', options: [Function: options] },
        {
          name: 'vite:css-post',
          renderStart: [Function: renderStart],
          transform: {
            filter: {
              id: {
                include: 
/\.(css|less|sass|scss|styl|stylus|pcss|postcss|sss)(?:$|\?)/,
                exclude: [
                  /[?&]commonjs-proxy/,
                  /[?&](?:worker|sharedworker|raw|url)\b/
                ]
              }
            },
            handler: [AsyncFunction: handler]
          },
          renderChunk: [AsyncFunction: renderChunk],
          augmentChunkHash: [Function: augmentChunkHash],
          generateBundle: [AsyncFunction: generateBundle]
        },
        {
          name: 'vite:build-html',
          applyToEnvironment: [Function: applyToEnvironment],
          transform: {
            filter: { id: /\.html$/ },
            handler: [AsyncFunction: handler]
          },
          generateBundle: [AsyncFunction: generateBundle]
        },
        {
          name: 'vite:worker-import-meta-url',
          applyToEnvironment: [Function: applyToEnvironment],
          transform: {
            filter: {
              code: /\bnew\s+(?:Worker|SharedWorker)\s*\(\s*(new\s+URL\s*\(\s*(
'[^']+'|"[^"]+"|`[^`]+`)\s*,\s*import\.meta\.url\s*(?:,\s*)?\))/dg
            },
            handler: [AsyncFunction: handler]
          }
        },
        {
          name: 'vite:asset-import-meta-url',
          applyToEnvironment: [Function: applyToEnvironment],
          transform: {
            filter: {
              id: {
                exclude: [
                  /^ vite\/preload\-helper\.js$/,
                  /^C:\\Users\\Acer\\Documents\\web\-binus\\node_modules\\vite\
\dist\\client\\client\.mjs$/
                ]
              },
              code: /\bnew\s+URL\s*\(\s*('[^']+'|"[^"]+"|`[^`]+`)\s*,\s*import\
.meta\.url\s*(?:,\s*)?\)/dg
            },
            handler: [AsyncFunction: handler]
          }
        },
        {
          name: 'vite:prepare-out-dir',
          watchChange: [Function: watchChange],
          renderStart: { order: 'pre', handler: [Function: handler] }
        },
        BuiltinPlugin {
          name: 'builtin:vite-dynamic-import-vars',
          _options: {
            include: undefined,
            exclude: [ /node_modules/ ],
            resolver: [Function: resolver],
            sourcemap: false
          },
          enforce: undefined
        },
        BuiltinPlugin {
          name: 'builtin:vite-import-glob',
          _options: {
            root: 'C:/Users/Acer/Documents/web-binus',
            sourcemap: false,
            restoreQueryExtension: false
          },
          enforce: undefined
        },
        {
          name: 'vite:build-import-analysis',
          renderChunk: [Function: renderChunk],
          generateBundle: [AsyncFunction: generateBundle]
        },
        BuiltinPlugin {
          name: 'builtin:vite-build-import-analysis',
          _options: {
            preloadCode: `const scriptRel = 'modulepreload';const assetsURL = 
function(dep) { return "/"+dep };const seen = {};export const __vitePreload = 
function preload(baseModule, deps, importerUrl) {\n` +
              '\tlet promise = Promise.resolve();\n' +
              '\tif (__VITE_IS_MODERN__ && deps && deps.length > 0) {\n' +
              '\t\tconst links = document.getElementsByTagName("link");\n' +
              '\t\tconst cspNonceMeta = 
document.querySelector("meta[property=csp-nonce]");\n' +
              '\t\tconst cspNonce = cspNonceMeta?.nonce || 
cspNonceMeta?.getAttribute("nonce");\n' +
              '\t\tfunction allSettled(promises) {\n' +
              '\t\t\treturn Promise.all(promises.map((p) => 
Promise.resolve(p).then((value) => ({\n' +
              '\t\t\t\tstatus: "fulfilled",\n' +
              '\t\t\t\tvalue\n' +
              '\t\t\t}), (reason) => ({\n' +
              '\t\t\t\tstatus: "rejected",\n' +
              '\t\t\t\treason\n' +
              '\t\t\t}))));\n' +
              '\t\t}\n' +
              '\t\tpromise = allSettled(deps.map((dep) => {\n' +
              '\t\t\tdep = assetsURL(dep, importerUrl);\n' +
              '\t\t\tif (dep in seen) return;\n' +
              '\t\t\tseen[dep] = true;\n' +
              '\t\t\tconst isCss = dep.endsWith(".css");\n' +
              '\t\t\tconst cssSelector = isCss ? "[rel=\\"stylesheet\\"]" : 
"";\n' +
              '\t\t\tif (!!importerUrl) for (let i = links.length - 1; i >= 0; 
i--) {\n' +
              '\t\t\t\tconst link = links[i];\n' +
              '\t\t\t\tif (link.href === dep && (!isCss || link.rel === 
"stylesheet")) return;\n' +
              '\t\t\t}\n' +
              '\t\t\telse if 
(document.querySelector(`link[href="${dep}"]${cssSelector}`)) return;\n' +
              '\t\t\tconst link = document.createElement("link");\n' +
              '\t\t\tlink.rel = isCss ? "stylesheet" : scriptRel;\n' +
              '\t\t\tif (!isCss) link.as = "script";\n' +
              '\t\t\tlink.crossOrigin = "";\n' +
              '\t\t\tlink.href = dep;\n' +
              '\t\t\tif (cspNonce) link.setAttribute("nonce", cspNonce);\n' +
              '\t\t\tdocument.head.appendChild(link);\n' +
              '\t\t\tif (isCss) return new Promise((res, rej) => {\n' +
              '\t\t\t\tlink.addEventListener("load", res);\n' +
              '\t\t\t\tlink.addEventListener("error", () => rej(/* @__PURE__ 
*/ new Error(`Unable to preload CSS for ${dep}`)));\n' +
              '\t\t\t});\n' +
              '\t\t}));\n' +
              '\t}\n' +
              '\tfunction handlePreloadError(err) {\n' +
              '\t\tconst e = new Event("vite:preloadError", { cancelable: true 
});\n' +
              '\t\te.payload = err;\n' +
              '\t\twindow.dispatchEvent(e);\n' +
              '\t\tif (!e.defaultPrevented) throw err;\n' +
              '\t}\n' +
              '\treturn promise.then((res) => {\n' +
              '\t\tfor (const item of res || []) {\n' +
              '\t\t\tif (item.status !== "rejected") continue;\n' +
              '\t\t\thandlePreloadError(item.reason);\n' +
              '\t\t}\n' +
              '\t\treturn baseModule().catch(handlePreloadError);\n' +
              '\t});\n' +
              '}',
            insertPreload: true,
            optimizeModulePreloadRelativePaths: false,
            renderBuiltUrl: false,
            isRelativeBase: false
          },
          enforce: undefined
        },
        {
          name: 'vite:terser',
          applyToEnvironment: [Function: applyToEnvironment],
          renderChunk: [AsyncFunction: renderChunk],
          closeBundle: [Function: closeBundle]
        },
        {
          name: 'vite:license',
          generateBundle: [Function: generateBundle]
        },
        BuiltinPlugin {
          name: 'builtin:vite-reporter',
          _options: {
            root: 'C:/Users/Acer/Documents/web-binus',
            isTty: false,
            isLib: false,
            assetsDir: 'assets\\',
            chunkLimit: 500,
            logInfo: [Function (anonymous)],
            reportCompressedSize: true,
            warnLargeChunks: true
          },
          enforce: undefined
        },
        BuiltinPlugin {
          name: 'builtin:vite-load-fallback',
          _options: undefined,
          enforce: undefined
        }
      ],
      optimizeDepsPluginNames: []
    }
  },
  resolve: {
    externalConditions: [ 'node', 'module-sync' ],
    extensions: [
      '.mjs',  '.js',
      '.mts',  '.ts',
      '.jsx',  '.tsx',
      '.json'
    ],
    dedupe: [],
    noExternal: [],
    external: [],
    preserveSymlinks: false,
    tsconfigPaths: false,
    alias: [
      {
        find: /^\/?@vite\/env/,
        replacement: 
'/@fs/C:/Users/Acer/Documents/web-binus/node_modules/vite/dist/client/env.mjs'
      },
      {
        find: /^\/?@vite\/client/,
        replacement: '/@fs/C:/Users/Acer/Documents/web-binus/node_modules/vite/
dist/client/client.mjs'
      }
    ],
    mainFields: [ 'browser', 'module', 'jsnext:main', 'jsnext' ],
    conditions: [ 'module', 'browser', 'development|production' ],
    builtins: []
  },
  configFileDependencies: [],
  inlineConfig: {
    root: undefined,
    base: undefined,
    mode: undefined,
    configFile: undefined,
    configLoader: undefined,
    logLevel: undefined,
    clearScreen: undefined,
    build: { rolldownOptions: undefined, rollupOptions: [Getter/Setter] },
    worker: { rolldownOptions: undefined, rollupOptions: [Getter/Setter] },
    optimizeDeps: { rolldownOptions: undefined, rollupOptions: [Getter/Setter] 
},
    environments: {
      client: {
        define: undefined,
        resolve: undefined,
        dev: {},
        build: { rolldownOptions: undefined, rollupOptions: [Getter/Setter] },
        optimizeDeps: { rolldownOptions: undefined, rollupOptions: 
[Getter/Setter] }
      }
    },
    resolve: { conditions: undefined, mainFields: undefined }
  },
[36mvite v8.0.16 [32mbuilding client environment for production...[36m[39m
  decodedBase: '/',
  rawBase: '/',
  publicDir: 'C:/Users/Acer/Documents/web-binus/public',
  cacheDir: 'C:/Users/Acer/Documents/web-binus/node_modules/.vite',
  command: 'build',
  isWorker: false,
  mainConfig: null,
  bundleChain: [],
  isProduction: true,
  plugins: [
    'vite:optimized-deps',
    'vite:watch-package-data',
    'vite:pre-alias',
    'alias',
    'vite:modulepreload-polyfill',
    'vite:resolve-builtin:get-environment',
    'vite:resolve-builtin',
    'vite:html-inline-proxy',
    'vite:css',
    'builtin:oxc-runtime',
    'vite:oxc',
    'builtin:vite-json',
    'vite:wasm-helper',
    'vite:worker',
    'vite:asset',
    'builtin:vite-wasm-fallback',
    'vite:define',
    'vite:css-post',
    'vite:build-html',
    'vite:worker-import-meta-url',
    'vite:asset-import-meta-url',
    'vite:prepare-out-dir',
    'vite:rollup-options-plugins',
    'vite:dynamic-import-vars',
    'vite:import-glob',
    'vite:build-import-analysis',
    'native:import-analysis-build',
    'vite:terser',
    'vite:license',
    'native:manifest',
    'vite:ssr-manifest',
    'native:reporter',
    'builtin:vite-load-fallback',
    'vite:client-inject',
    'vite:css-analysis',
    'vite:import-analysis'
  ],
  css: {
    transformer: 'postcss',
    preprocessorMaxWorkers: true,
    devSourcemap: false
  },
  json: { namedExports: true, stringify: 'auto' },
  esbuild: { jsxDev: false, charset: 'utf8', legalComments: 'none' },
  oxc: { jsx: { development: false } },
  server: {
    port: 5173,
    strictPort: false,
    host: undefined,
    allowedHosts: [],
    https: undefined,
    open: false,
    proxy: undefined,
    cors: {
      origin: 
/^https?:\/\/(?:(?:[^:]+\.)?localhost|127\.0\.0\.1|\[::1\])(?::\d+)?$/
    },
    headers: {},
    warmup: { clientFiles: [], ssrFiles: [] },
    middlewareMode: false,
    fs: {
      strict: true,
      deny: [ '.env', '.env.*', '*.{crt,pem}', '**/.git/**' ],
      allow: [ 'C:/Users/Acer/Documents/web-binus' ]
    },
    preTransformRequests: true,
    perEnvironmentStartEndDuringDev: false,
    perEnvironmentWatchChangeDuringDev: false,
    forwardConsole: { enabled: false, unhandledErrors: false, logLevels: [] },
    sourcemapIgnoreList: [Function: isInNodeModules]
  },
  builder: undefined,
  preview: {
    port: 4173,
    strictPort: false,
    host: undefined,
    allowedHosts: [],
    https: undefined,
    open: false,
    proxy: undefined,
    cors: {
      origin: 
/^https?:\/\/(?:(?:[^:]+\.)?localhost|127\.0\.0\.1|\[::1\])(?::\d+)?$/
    },
    headers: {}
  },
  envDir: 'C:/Users/Acer/Documents/web-binus',
  env: { BASE_URL: '/', MODE: 'production', DEV: false, PROD: true },
  assetsInclude: [Function: assetsInclude],
  rawAssetsInclude: [],
  logger: {
    hasWarned: false,
    info: [Function: info],
    warn: [Function: warn],
    warnOnce: [Function: warnOnce],
    error: [Function: error],
    clearScreen: [Function: clearScreen],
    hasErrorLogged: [Function: hasErrorLogged]
  },
  packageCache: Map(1) {
    'fnpd_C:/Users/Acer/Documents/web-binus' => {
      dir: 'C:/Users/Acer/Documents/web-binus',
      data: {
        name: 'web-binus',
        type: 'module',
        private: true,
        scripts: {
          build: 'nuxt build',
          dev: 'nuxt dev',
          generate: 'nuxt generate',
          preview: 'nuxt preview',
          postinstall: 'nuxt prepare'
        },
        dependencies: { nuxt: '^4.4.6', vue: '^3.5.34', 'vue-router': '^5.0.7' 
}
      },
      hasSideEffects: [Function: hasSideEffects],
      setResolvedCache: [Function: setResolvedCache],
      getResolvedCache: [Function: getResolvedCache]
    },
    set: [Function (anonymous)]
  },
  appType: 'spa',
  experimental: {
    importGlobRestoreExtension: false,
    renderBuiltUrl: undefined,
    hmrPartialAccept: false,
    bundledDev: false
  },
  future: undefined,
  ssr: {
    target: 'node',
    optimizeDeps: { esbuildOptions: { preserveSymlinks: false } },
    resolve: { conditions: undefined, externalConditions: undefined }
  },
  dev: {
[2K
transforming...Γ£ô 1 modules transformed.
    warmup: [],
    sourcemap: { js: true },
    sourcemapIgnoreList: [Function: isInNodeModules],
    preTransformRequests: false,
    createEnvironment: [Function: defaultCreateDevEnvironment],
    recoverable: false,
    moduleRunnerTransform: false
  },
  devtools: { config: { host: 'localhost' }, enabled: false },
  webSocketToken: '7w81KsWZa2Ul',
  getSortedPlugins: [Function: getSortedPlugins],
  getSortedPluginHooks: [Function: getSortedPluginHooks],
  createResolver: [Function: createResolver],
  fsDenyGlob: [Function: arrayMatcher],
  safeModulePaths: Set(0) {},
  Symbol(vite:resolved-config): true
}
[31mΓ£ù[39m Build failed in 19ms
[31merror during build:
[31mBuild failed with 1 error:

[31m[UNRESOLVED_ENTRY] [0mCannot resolve entry module index.html.
[31m
    at aggregateBindingErrorsIntoJsError (file:///C:/Users/Acer/Documents/web-b
inus/node_modules/rolldown/dist/shared/error-BuvQYXuZ.mjs:48:18)
    at unwrapBindingResult (file:///C:/Users/Acer/Documents/web-binus/node_modu
les/rolldown/dist/shared/error-BuvQYXuZ.mjs:18:128)
    at #build (file:///C:/Users/Acer/Documents/web-binus/node_modules/rolldown/
dist/shared/rolldown-build-CrPk_lZe.mjs:3246:34)
    at async buildEnvironment (file:///C:/Users/Acer/Documents/web-binus/node_m
odules/vite/dist/node/chunks/node.js:33253:64)
    at async Object.build (file:///C:/Users/Acer/Documents/web-binus/node_modul
es/vite/dist/node/chunks/node.js:33675:19)
    at async Object.buildApp (file:///C:/Users/Acer/Documents/web-binus/node_mo
dules/vite/dist/node/chunks/node.js:33672:153)
    at async CAC.<anonymous> (file:///C:/Users/Acer/Documents/web-binus/node_mo
dules/vite/dist/node/cli.js:777:3) {
  errors: [Getter/Setter]
}[39m
